resources/js/Components/ui/calendar.tsx(45,9): error TS2353: Object literal may only specify known properties, and 'IconLeft' does not exist in type 'Partial<CustomComponents>'.
resources/js/Components/ui/chart.tsx(106,7): error TS2339: Property 'payload' does not exist on type 'Omit<Omit<Props<ValueType, NameType>, PropertiesReadFromContext> & { active?: boolean | undefined; allowEscapeViewBox?: AllowInDimension | undefined; ... 24 more ...; wrapperStyle?: CSSProperties | undefined; } & ClassAttributes<...> & HTMLAttributes<...> & { ...; }, "ref">'.
resources/js/Components/ui/chart.tsx(111,7): error TS2339: Property 'label' does not exist on type 'Omit<Omit<Props<ValueType, NameType>, PropertiesReadFromContext> & { active?: boolean | undefined; allowEscapeViewBox?: AllowInDimension | undefined; ... 24 more ...; wrapperStyle?: CSSProperties | undefined; } & ClassAttributes<...> & HTMLAttributes<...> & { ...; }, "ref">'.
resources/js/Components/ui/chart.tsx(163,25): error TS7006: Parameter 'item' implicitly has an 'any' type.
resources/js/Components/ui/chart.tsx(163,31): error TS7006: Parameter 'index' implicitly has an 'any' type.
resources/js/Components/ui/chart.tsx(233,41): error TS2344: Type '"payload" | "verticalAlign"' does not satisfy the constraint '"string" | "method" | "style" | "clipPath" | "filter" | "mask" | "path" | "key" | "type" | "suppressHydrationWarning" | "className" | "id" | "lang" | "tabIndex" | "role" | "content" | ... 422 more ... | "onBBoxUpdate"'.
  Type '"payload"' is not assignable to type '"string" | "method" | "style" | "clipPath" | "filter" | "mask" | "path" | "key" | "type" | "suppressHydrationWarning" | "className" | "id" | "lang" | "tabIndex" | "role" | "content" | ... 422 more ... | "onBBoxUpdate"'.
resources/js/Components/ui/chart.tsx(240,17): error TS2339: Property 'length' does not exist on type '{}'.
resources/js/Components/ui/chart.tsx(249,16): error TS2339: Property 'map' does not exist on type '{}'.
resources/js/Components/ui/chart.tsx(249,21): error TS7006: Parameter 'item' implicitly has an 'any' type.
resources/js/Components/ui/resizable.tsx(7,102): error TS2339: Property 'PanelGroup' does not exist on type 'typeof import("C:/Users/USER/Work/HaltonMarine/node_modules/react-resizable-panels/dist/react-resizable-panels")'.
resources/js/Components/ui/resizable.tsx(8,23): error TS2339: Property 'PanelGroup' does not exist on type 'typeof import("C:/Users/USER/Work/HaltonMarine/node_modules/react-resizable-panels/dist/react-resizable-panels")'.
resources/js/Components/ui/resizable.tsx(20,51): error TS2339: Property 'PanelResizeHandle' does not exist on type 'typeof import("C:/Users/USER/Work/HaltonMarine/node_modules/react-resizable-panels/dist/react-resizable-panels")'.
resources/js/Components/ui/resizable.tsx(23,23): error TS2339: Property 'PanelResizeHandle' does not exist on type 'typeof import("C:/Users/USER/Work/HaltonMarine/node_modules/react-resizable-panels/dist/react-resizable-panels")'.
resources/js/Components/ui/resizable.tsx(35,24): error TS2339: Property 'PanelResizeHandle' does not exist on type 'typeof import("C:/Users/USER/Work/HaltonMarine/node_modules/react-resizable-panels/dist/react-resizable-panels")'.
